// Jest Snapshot v1, https://goo.gl/fbAQLP

exports[`ics tests parses all day event: BEGIN:VCALENDAR
PRODID:blah
X-WR-CALNAME:Test calendar
X-WR-TIMEZONE:Etc/UTC
VERSION:2.0
CALSCALE:GREGORIAN
X-PUBLISHED-TTL:PT5M
METHOD:PUBLISH
BEGIN:VEVENT
UID:7389432083-0-40713-74006
SEQUENCE:1
CLASS:PUBLIC
CREATED:20200101T000000Z
GEO:40.7128;-74.006
DTSTAMP:20230226T143136Z
DTSTART;VALUE=DATE:20230226
DESCRIPTION:Description!
LOCATION:New york city
URL:https://www.example.com
STATUS:CONFIRMED
SUMMARY:EVENT TITLE
TRANSP:TRANSPARENT
END:VEVENT
END:VCALENDAR 1`] = `
[
  {
    "allDay": true,
    "completed": undefined,
    "date": "2023-02-26",
    "title": "EVENT TITLE",
    "type": "single",
  },
]
`;

exports[`ics tests parses gcal ics file: BEGIN:VCALENDAR
PRODID:-//Google Inc//Google Calendar 70.9054//EN
VERSION:2.0
CALSCALE:GREGORIAN
METHOD:PUBLISH
X-WR-CALNAME:example@example.com
X-WR-TIMEZONE:America/New_York
BEGIN:VTIMEZONE
TZID:America/New_York
X-LIC-LOCATION:America/New_York
BEGIN:DAYLIGHT
TZOFFSETFROM:-0500
TZOFFSETTO:-0400
TZNAME:EDT
DTSTART:19700308T020000
RRULE:FREQ=YEARLY;BYMONTH=3;BYDAY=2SU
END:DAYLIGHT
BEGIN:STANDARD
TZOFFSETFROM:-0400
TZOFFSETTO:-0500
TZNAME:EST
DTSTART:19701101T020000
RRULE:FREQ=YEARLY;BYMONTH=11;BYDAY=1SU
END:STANDARD
END:VTIMEZONE
BEGIN:VEVENT
DTSTART:20230217T000000Z
DTEND:20230217T030000Z
DTSTAMP:20230226T143339Z
UID:asdfasdaas@google.com
CREATED:20230216T160858Z
DESCRIPTION:
LAST-MODIFIED:20230216T160858Z
LOCATION:
SEQUENCE:0
STATUS:CONFIRMED
SUMMARY:Birthday party
TRANSP:OPAQUE
END:VEVENT
BEGIN:VEVENT
DTSTART:20230227T230000Z
DTEND:20230228T010000Z
DTSTAMP:20230226T143339Z
UID:blahasdfasdf@google.com
CREATED:20230216T012242Z
DESCRIPTION:
LAST-MODIFIED:20230216T012242Z
LOCATION:
SEQUENCE:0
STATUS:CONFIRMED
SUMMARY:Event somewhere
TRANSP:OPAQUE
END:VEVENT
BEGIN:VEVENT
DTSTART;VALUE=DATE:20230715
DTEND;VALUE=DATE:20230719
DTSTAMP:20230226T143339Z
ORGANIZER;CN=unknownorganizer@calendar.google.com:mailto:unknownorganizer@calendar.google.com
UID:adsfasdfsa76dfa7sydf7sf7sdfsdghd87sf87
ATTENDEE;CUTYPE=INDIVIDUAL;ROLE=REQ-PARTICIPANT;PARTSTAT=ACCEPTED;CN=example@example.com;X-NUM-GUESTS=0:mailto:example@example.com
CLASS:PRIVATE
CREATED:20230215T044514Z
DESCRIPTION:blah
LOCATION:Paris, France
SEQUENCE:0
STATUS:CONFIRMED
SUMMARY:Vacation
TRANSP:TRANSPARENT
END:VEVENT
END:VCALENDAR 1`] = `
[
  {
    "completed": undefined,
    "date": "2023-02-16",
    "endTime": "22:00",
    "startTime": "19:00",
    "title": "Birthday party",
    "type": "single",
  },
  {
    "completed": undefined,
    "date": "2023-02-27",
    "endTime": "20:00",
    "startTime": "18:00",
    "title": "Event somewhere",
    "type": "single",
  },
  {
    "allDay": true,
    "completed": undefined,
    "date": "2023-07-15",
    "endDate": "2023-07-19",
    "title": "Vacation",
    "type": "single",
  },
]
`;
